// Vitest Snapshot v1, https://vitest.dev/guide/snapshot.html

exports[`shuffle > should match the snapshot 1`] = `
[
  82,
  17,
  20,
  7,
  98,
  86,
  53,
  97,
  64,
  79,
  42,
  45,
  39,
  27,
  49,
  60,
  65,
  41,
  80,
  84,
  54,
  23,
  69,
  57,
  96,
  74,
  77,
  25,
  99,
  37,
  73,
  67,
  16,
  75,
  10,
  30,
  1,
  4,
  35,
  76,
  36,
  28,
  70,
  93,
  92,
  68,
  18,
  33,
  47,
  11,
  88,
  55,
  2,
  58,
  6,
  81,
  83,
  8,
  72,
  24,
  19,
  9,
  71,
  15,
  63,
  50,
  29,
  48,
  13,
  52,
  95,
  46,
  78,
  85,
  59,
  44,
  32,
  3,
  14,
  22,
  61,
  31,
  5,
  90,
  87,
  21,
  34,
  12,
  43,
  40,
  89,
  38,
  66,
  56,
  26,
  91,
  94,
  51,
  0,
  62,
]
`;
